{"logTime": "0908/083244", "correlationVector":"7SduUah0cuLdUEQJ7YHKlA.1","action":"SyncServerConnectionManagerRequest", "result":"SYNC_SERVER_OK", "context":{"environment":"Prod_westus_prod-s01-081-nam-westus", "migrationStage":"NotStarted", "server":"akswtt107000013"}}
{"logTime": "0908/083244", "correlationVector":"7SduUah0cuLdUEQJ7YHKlA.2","action":"ProcessGetUpdates", "result":"Done", "context":{"dataType":"Encryption Keys", "deleted":"0", "process_failed_to_decrypt":"0", "process_pending_decryption":"0", "process_success":"1", "total":"1"}}
{"logTime": "0908/083244", "correlationVector":"Irn//9aIVHnMEjz5Z5VtlV","action":"SyncServerConnectionManagerRequest", "result":"SYNC_SERVER_OK", "context":{"environment":"", "migrationStage":"", "server":""}}
{"logTime": "0908/083244", "correlationVector":"Irn//9aIVHnMEjz5Z5VtlV.0","action":"EncryptionKeysFetcher.DownloadKeys:", "result":"Success", "context":Key count: 10, Last key timestamp: 2026-08-08T20:27:41Z}
{"logTime": "0908/083244", "correlationVector":"Irn//9aIVHnMEjz5Z5VtlV.1","action":"EncryptionKeysManager::SetEncryptionKeys:", "result":"Success", "context":Key names[10]:[jE+g5tAkoRt0KG5ndCilEVHW+lsa6gZMihR5D22zotx3VVinln5uguvuD+E1omsPKN1Iy8fXannGmxYyOSzcvw==][cE5Iqise6vpUGkI9EqwD1f5YsoG9F/VcJRa4BlOGqVr8sm5E1QR1z0ZlTNeuUP0hojs1mqobkxrBX4Au5MzMfQ==][wYxWux+M4GF0Nh9fkmKIlxgqSI9/xOAGiNd3WYPxT81hZ7hqm+FGsQYBjjzO3Nit1e8Vhs7lRgfbjAZGRn2//g==][V9pD2fKjwPLOX1rCM9xcrA+EiywQiAVXNXdKgSndS9lj7k8yE89e3hiN2oTcfHaft7d9lDrZ11cvnQOAyr2Wig==][bVv83m0/cPjstnqijNMoODWmMh7q/d1zVAlsxJS6xKEmZq/g0OCfdOFwcLxwy0pFD15jqS/vpYvv8PVh+klKcQ==][qkmmaRWY6Qq/u0+/aaOTs6basEk5BXC8pyKNkT/18R4JpLtvYCkAGIRZEzqznkURMHrNNN3jMW0tYFaVuAjxOw==][Q3uBEvYsqYy+2gbzWLP8T3YRoaTTrrpjlanIQGXdTFXdBk/xHnBADjeGetcR8YE1D32SRI8dSzAEzOrbMRJGnw==][xl+1/VycxKuOIRKaHEwsSiYzj9wCM9ODrRR70GlH2ebwVdWPI2E7MMlcMiO9Wr39dZ4E968DU+D1CLsdCH63Rg==][SrwF4i4tqh84dbilE5nTKgvmvzAmcYlyXJW4jaYVtTQShbzRTKEI3xtOicm68J7fl8fob5tu1zFY9YG5OFeQ7Q==][nDkoe4YUPFSl7cbeOIc40tivE63HSqWiu+66o70GdipJJmXmi7e7VmxoDzkoBE3aLEtbW3zg0MTmsxamk3TGyw==]}
{"logTime": "0908/083244", "correlationVector":"Irn//9aIVHnMEjz5Z5VtlV.2","action":"EncryptionKeysManager::SetEncryptionKeysWithTimestamps:", "result":"Success", "context":Key timestamps[10]:[2022-03-25T23:17:24Z][2022-10-07T00:57:41Z][2023-05-23T02:16:03Z][2023-11-27T02:33:01Z][2024-05-25T15:51:50Z][2024-12-02T17:57:50Z][2025-02-05T03:00:27Z][2025-08-04T05:27:51Z][2026-02-02T06:22:04Z][2026-08-08T20:27:41Z]}
{"logTime": "0908/083244", "correlationVector":"7SduUah0cuLdUEQJ7YHKlA","action":"Initial GetUpdates", "result":"", "context":Reason: NEW_CLIENT. cV=7SduUah0cuLdUEQJ7YHKlA}
{"logTime": "0908/083244", "correlationVector":"7SduUah0cuLdUEQJ7YHKlA.3","action":"GetUpdates Response", "result":"Success", "context":Received 1 update(s). cV=7SduUah0cuLdUEQJ7YHKlA.0;server=akswtt107000013;cloudType=Consumer;environment=Prod_westus_prod-s01-081-nam-westus;migrationStage=NotStarted}
{"logTime": "0908/083244", "correlationVector":"6HYW222/DZ/UUprOrsfT46","action":"Initial GetUpdates", "result":"", "context":Reason: NEWLY_SUPPORTED_DATATYPE. cV=6HYW222/DZ/UUprOrsfT46}
{"logTime": "0908/083244", "correlationVector":"6HYW222/DZ/UUprOrsfT46.1","action":"SyncServerConnectionManagerRequest", "result":"SYNC_SERVER_OK", "context":{"environment":"Prod_westus_prod-s01-081-nam-westus", "migrationStage":"NotStarted", "server":"akswtt10700000w"}}
{"logTime": "0908/083244", "correlationVector":"6HYW222/DZ/UUprOrsfT46.2","action":"ProcessGetUpdates", "result":"Done", "context":{"dataType":"Passwords", "deleted":"0", "process_failed_to_decrypt":"0", "process_pending_decryption":"0", "process_success":"178", "total":"178"}}
{"logTime": "0908/083244", "correlationVector":"6HYW222/DZ/UUprOrsfT46.3","action":"ProcessGetUpdates", "result":"Done", "context":{"dataType":"Device Info", "deleted":"0", "process_failed_to_decrypt":"0", "process_pending_decryption":"0", "process_success":"13", "total":"13"}}
{"logTime": "0908/083244", "correlationVector":"6HYW222/DZ/UUprOrsfT46.4","action":"GetUpdates Response", "result":"Success", "context":Received 191 update(s). cV=6HYW222/DZ/UUprOrsfT46.0;server=akswtt10700000w;cloudType=Consumer;environment=Prod_westus_prod-s01-081-nam-westus;migrationStage=NotStarted}
{"logTime": "0908/083244", "correlationVector":"ka9iKA6RzkE8MoTE8LaNqV","action":"Initial GetUpdates", "result":"", "context":Reason: NEWLY_SUPPORTED_DATATYPE. cV=ka9iKA6RzkE8MoTE8LaNqV}
{"logTime": "0908/083244", "correlationVector":"ka9iKA6RzkE8MoTE8LaNqV.1","action":"SyncServerConnectionManagerRequest", "result":"SYNC_SERVER_OK", "context":{"environment":"Prod_westus_prod-s01-081-nam-westus", "migrationStage":"NotStarted", "server":"akswtt107000013"}}
{"logTime": "0908/083244", "correlationVector":"ka9iKA6RzkE8MoTE8LaNqV.2","action":"ProcessGetUpdates", "result":"Done", "context":{"dataType":"Bookmarks", "deleted":"78", "process_failed_to_decrypt":"0", "process_pending_decryption":"0", "process_success":"84", "total":"84"}}
{"logTime": "0908/083244", "correlationVector":"ka9iKA6RzkE8MoTE8LaNqV.3","action":"ProcessGetUpdates", "result":"Done", "context":{"dataType":"Preferences", "deleted":"0", "process_failed_to_decrypt":"0", "process_pending_decryption":"0", "process_success":"75", "total":"75"}}
{"logTime": "0908/083244", "correlationVector":"ka9iKA6RzkE8MoTE8LaNqV.4","action":"ProcessGetUpdates", "result":"Done", "context":{"dataType":"Autofill", "deleted":"0", "process_failed_to_decrypt":"0", "process_pending_decryption":"0", "process_success":"56", "total":"56"}}
{"logTime": "0908/083244", "correlationVector":"ka9iKA6RzkE8MoTE8LaNqV.5","action":"ProcessGetUpdates", "result":"Done", "context":{"dataType":"Sessions", "deleted":"29", "process_failed_to_decrypt":"0", "process_pending_decryption":"0", "process_success":"29", "total":"29"}}
{"logTime": "0908/083244", "correlationVector":"ka9iKA6RzkE8MoTE8LaNqV.6","action":"ProcessGetUpdates", "result":"Done", "context":{"dataType":"Extension settings", "deleted":"0", "process_failed_to_decrypt":"0", "process_pending_decryption":"0", "process_success":"2", "total":"2"}}
{"logTime": "0908/083244", "correlationVector":"ka9iKA6RzkE8MoTE8LaNqV.7","action":"ProcessGetUpdates", "result":"Done", "context":{"dataType":"Edge Hub App Usage", "deleted":"1", "process_failed_to_decrypt":"0", "process_pending_decryption":"0", "process_success":"4", "total":"4"}}
{"logTime": "0908/083244", "correlationVector":"ka9iKA6RzkE8MoTE8LaNqV.8","action":"GetUpdates Response", "result":"Success", "context":Received 250 update(s). cV=ka9iKA6RzkE8MoTE8LaNqV.0;server=akswtt107000013;cloudType=Consumer;environment=Prod_westus_prod-s01-081-nam-westus;migrationStage=NotStarted Some updates remain.}
{"logTime": "0908/083244", "correlationVector":"Vf3bDLpNkNqQ667SoV8Q+S","action":"Initial GetUpdates", "result":"", "context":Reason: NEWLY_SUPPORTED_DATATYPE. cV=Vf3bDLpNkNqQ667SoV8Q+S}
{"logTime": "0908/083245", "correlationVector":"Vf3bDLpNkNqQ667SoV8Q+S.1","action":"SyncServerConnectionManagerRequest", "result":"SYNC_SERVER_OK", "context":{"environment":"Prod_westus_prod-s01-081-nam-westus", "migrationStage":"NotStarted", "server":"akswtt10700000u"}}
{"logTime": "0908/083245", "correlationVector":"Vf3bDLpNkNqQ667SoV8Q+S.2","action":"ProcessGetUpdates", "result":"Done", "context":{"dataType":"Preferences", "deleted":"0", "process_failed_to_decrypt":"0", "process_pending_decryption":"0", "process_success":"3", "total":"3"}}
{"logTime": "0908/083245", "correlationVector":"Vf3bDLpNkNqQ667SoV8Q+S.3","action":"ProcessGetUpdates", "result":"Done", "context":{"dataType":"Autofill", "deleted":"0", "process_failed_to_decrypt":"0", "process_pending_decryption":"0", "process_success":"24", "total":"24"}}
{"logTime": "0908/083245", "correlationVector":"Vf3bDLpNkNqQ667SoV8Q+S.4","action":"ProcessGetUpdates", "result":"Done", "context":{"dataType":"Extensions", "deleted":"0", "process_failed_to_decrypt":"0", "process_pending_decryption":"0", "process_success":"3", "total":"3"}}
{"logTime": "0908/083245", "correlationVector":"Vf3bDLpNkNqQ667SoV8Q+S.5","action":"ProcessGetUpdates", "result":"Done", "context":{"dataType":"Sessions", "deleted":"37", "process_failed_to_decrypt":"0", "process_pending_decryption":"0", "process_success":"55", "total":"55"}}
{"logTime": "0908/083245", "correlationVector":"Vf3bDLpNkNqQ667SoV8Q+S.6","action":"ProcessGetUpdates", "result":"Done", "context":{"dataType":"Edge Hub App Usage", "deleted":"1", "process_failed_to_decrypt":"0", "process_pending_decryption":"0", "process_success":"5", "total":"5"}}
{"logTime": "0908/083245", "correlationVector":"Vf3bDLpNkNqQ667SoV8Q+S.7","action":"GetUpdates Response", "result":"Success", "context":Received 90 update(s). cV=Vf3bDLpNkNqQ667SoV8Q+S.0;server=akswtt10700000u;cloudType=Consumer;environment=Prod_westus_prod-s01-081-nam-westus;migrationStage=NotStarted}
{"logTime": "0908/083245", "correlationVector":"7sPBfZIicIi6CvVynsN4qL","action":"Initial GetUpdates", "result":"", "context":Reason: NEWLY_SUPPORTED_DATATYPE. cV=7sPBfZIicIi6CvVynsN4qL}
{"logTime": "0908/083245", "correlationVector":"7sPBfZIicIi6CvVynsN4qL.1","action":"SyncServerConnectionManagerRequest", "result":"SYNC_SERVER_OK", "context":{"environment":"Prod_westus_prod-s01-081-nam-westus", "migrationStage":"NotStarted", "server":"akswtt10700000n"}}
{"logTime": "0908/083245", "correlationVector":"7sPBfZIicIi6CvVynsN4qL.2","action":"ProcessGetUpdates", "result":"Done", "context":{"dataType":"History", "deleted":"0", "process_failed_to_decrypt":"0", "process_pending_decryption":"0", "process_success":"250", "total":"250"}}
{"logTime": "0908/083245", "correlationVector":"7sPBfZIicIi6CvVynsN4qL.3","action":"GetUpdates Response", "result":"Success", "context":Received 250 update(s). cV=7sPBfZIicIi6CvVynsN4qL.0;server=akswtt10700000n;cloudType=Consumer;environment=Prod_westus_prod-s01-081-nam-westus;migrationStage=NotStarted Some updates remain.}
{"logTime": "0908/083245", "correlationVector":"khTb7x+NXkMBQ/JNBzIsnC","action":"Initial GetUpdates", "result":"", "context":Reason: NEWLY_SUPPORTED_DATATYPE. cV=khTb7x+NXkMBQ/JNBzIsnC}
{"logTime": "0908/083246", "correlationVector":"khTb7x+NXkMBQ/JNBzIsnC.1","action":"SyncServerConnectionManagerRequest", "result":"SYNC_SERVER_OK", "context":{"environment":"Prod_westus_prod-s01-081-nam-westus", "migrationStage":"NotStarted", "server":"akswtt10700000u"}}
{"logTime": "0908/083246", "correlationVector":"khTb7x+NXkMBQ/JNBzIsnC.2","action":"ProcessGetUpdates", "result":"Done", "context":{"dataType":"History", "deleted":"0", "process_failed_to_decrypt":"0", "process_pending_decryption":"0", "process_success":"250", "total":"250"}}
{"logTime": "0908/083246", "correlationVector":"khTb7x+NXkMBQ/JNBzIsnC.3","action":"GetUpdates Response", "result":"Success", "context":Received 250 update(s). cV=khTb7x+NXkMBQ/JNBzIsnC.0;server=akswtt10700000u;cloudType=Consumer;environment=Prod_westus_prod-s01-081-nam-westus;migrationStage=NotStarted Some updates remain.}
{"logTime": "0908/083246", "correlationVector":"u0xAz5QUU0NvV2UBYIYYGB","action":"Initial GetUpdates", "result":"", "context":Reason: NEWLY_SUPPORTED_DATATYPE. cV=u0xAz5QUU0NvV2UBYIYYGB}
{"logTime": "0908/083246", "correlationVector":"u0xAz5QUU0NvV2UBYIYYGB.1","action":"SyncServerConnectionManagerRequest", "result":"SYNC_SERVER_OK", "context":{"environment":"Prod_westus_prod-s01-081-nam-westus", "migrationStage":"NotStarted", "server":"akswtt10700000m"}}
{"logTime": "0908/083246", "correlationVector":"u0xAz5QUU0NvV2UBYIYYGB.2","action":"ProcessGetUpdates", "result":"Done", "context":{"dataType":"History", "deleted":"0", "process_failed_to_decrypt":"0", "process_pending_decryption":"0", "process_success":"92", "total":"92"}}
{"logTime": "0908/083246", "correlationVector":"u0xAz5QUU0NvV2UBYIYYGB.3","action":"GetUpdates Response", "result":"Success", "context":Received 92 update(s). cV=u0xAz5QUU0NvV2UBYIYYGB.0;server=akswtt10700000m;cloudType=Consumer;environment=Prod_westus_prod-s01-081-nam-westus;migrationStage=NotStarted}
{"logTime": "0908/083246", "correlationVector":"yFKcSntMuIxhgRp/sBRkOj","action":"Normal GetUpdate request", "result":"", "context":cV=yFKcSntMuIxhgRp/sBRkOj
Nudged types: Bookmarks, Sessions, Device Info, User Consents, History, Edge Hub App Usage
Refresh requested types: Bookmarks, Preferences, Passwords, Autofill Profiles, Autofill, Extensions, Sessions, Extension settings, History Delete Directives, Device Info, User Consents, Send Tab To Self, Web Apps, History, Saved Tab Group, WebAuthn Credentials, Edge Hub App Usage, Edge Workspace, Encryption Keys}
{"logTime": "0908/083246", "correlationVector":"yFKcSntMuIxhgRp/sBRkOj.1","action":"SyncServerConnectionManagerRequest", "result":"SYNC_SERVER_OK", "context":{"environment":"Prod_westus_prod-s01-081-nam-westus", "migrationStage":"NotStarted", "server":"akswtt10700000h"}}
{"logTime": "0908/083246", "correlationVector":"yFKcSntMuIxhgRp/sBRkOj.2","action":"ProcessGetUpdates", "result":"Done", "context":{"dataType":"Passwords", "deleted":"0", "process_failed_to_decrypt":"0", "process_pending_decryption":"0", "process_success":"32", "total":"32"}}
{"logTime": "0908/083246", "correlationVector":"yFKcSntMuIxhgRp/sBRkOj.3","action":"GetUpdates Response", "result":"Success", "context":Received 32 update(s). cV=yFKcSntMuIxhgRp/sBRkOj.0;server=akswtt10700000h;cloudType=Consumer;environment=Prod_westus_prod-s01-081-nam-westus;migrationStage=NotStarted}
{"logTime": "0908/083246", "correlationVector":"N1oYQe4YoeWC8MnBJ/4pXe","action":"Commit Request", "result":"", "context":Item count: 11
Contributing types: Bookmarks, Sessions, Device Info, User Consents, History, Edge Hub App Usage}
{"logTime": "0908/083247", "correlationVector":"N1oYQe4YoeWC8MnBJ/4pXe.1","action":"SyncServerConnectionManagerRequest", "result":"SYNC_SERVER_OK", "context":{"environment":"Prod_westus_prod-s01-081-nam-westus", "migrationStage":"NotStarted", "server":"akswtt10700000k"}}
{"logTime": "0908/083247", "correlationVector":"N1oYQe4YoeWC8MnBJ/4pXe.2","action":"Commit Response", "result":"Success", "context":Result: Success. cV=N1oYQe4YoeWC8MnBJ/4pXe.0;server=akswtt10700000k;cloudType=Consumer;environment=Prod_westus_prod-s01-081-nam-westus;migrationStage=NotStarted}
{"logTime": "0908/083247", "correlationVector":"LEyJaLTPVE1RMwYcvblcAf","action":"Commit Request", "result":"", "context":Item count: 2
Contributing types: Sessions, History}
{"logTime": "0908/083247", "correlationVector":"LEyJaLTPVE1RMwYcvblcAf.1","action":"SyncServerConnectionManagerRequest", "result":"SYNC_SERVER_OK", "context":{"environment":"Prod_westus_prod-s01-081-nam-westus", "migrationStage":"NotStarted", "server":"akswtt10700000t"}}
{"logTime": "0908/083247", "correlationVector":"LEyJaLTPVE1RMwYcvblcAf.2","action":"Commit Response", "result":"Success", "context":Result: Success. cV=LEyJaLTPVE1RMwYcvblcAf.0;server=akswtt10700000t;cloudType=Consumer;environment=Prod_westus_prod-s01-081-nam-westus;migrationStage=NotStarted}
{"logTime": "0908/083248", "correlationVector":"gOjutTlFcfyClMkPBID7vb","action":"Normal GetUpdate request", "result":"", "context":cV=gOjutTlFcfyClMkPBID7vb
Notified types: Passwords}
{"logTime": "0908/083248", "correlationVector":"gOjutTlFcfyClMkPBID7vb.1","action":"SyncServerConnectionManagerRequest", "result":"SYNC_SERVER_OK", "context":{"environment":"Prod_westus_prod-s01-081-nam-westus", "migrationStage":"NotStarted", "server":"akswtt10700000h"}}
{"logTime": "0908/083248", "correlationVector":"gOjutTlFcfyClMkPBID7vb.2","action":"ProcessGetUpdates", "result":"Done", "context":{"dataType":"Bookmarks", "deleted":"0", "process_failed_to_decrypt":"0", "process_pending_decryption":"0", "process_success":"4", "total":"4"}}
{"logTime": "0908/083248", "correlationVector":"gOjutTlFcfyClMkPBID7vb.3","action":"ProcessGetUpdates", "result":"Done", "context":{"dataType":"Passwords", "deleted":"0", "process_failed_to_decrypt":"0", "process_pending_decryption":"0", "process_success":"28", "total":"28"}}
{"logTime": "0908/083248", "correlationVector":"gOjutTlFcfyClMkPBID7vb.4","action":"ProcessGetUpdates", "result":"Done", "context":{"dataType":"Sessions", "deleted":"0", "process_failed_to_decrypt":"0", "process_pending_decryption":"0", "process_success":"2", "total":"2"}}
{"logTime": "0908/083248", "correlationVector":"gOjutTlFcfyClMkPBID7vb.5","action":"ProcessGetUpdates", "result":"Done", "context":{"dataType":"Device Info", "deleted":"0", "process_failed_to_decrypt":"0", "process_pending_decryption":"0", "process_success":"1", "total":"1"}}
{"logTime": "0908/083248", "correlationVector":"gOjutTlFcfyClMkPBID7vb.6","action":"ProcessGetUpdates", "result":"Done", "context":{"dataType":"History", "deleted":"0", "process_failed_to_decrypt":"0", "process_pending_decryption":"0", "process_success":"3", "total":"3"}}
{"logTime": "0908/083248", "correlationVector":"gOjutTlFcfyClMkPBID7vb.7","action":"ProcessGetUpdates", "result":"Done", "context":{"dataType":"Edge Hub App Usage", "deleted":"0", "process_failed_to_decrypt":"0", "process_pending_decryption":"0", "process_success":"1", "total":"1"}}
{"logTime": "0908/083248", "correlationVector":"gOjutTlFcfyClMkPBID7vb.8","action":"GetUpdates Response", "result":"Success", "context":Received 39 update(s). cV=gOjutTlFcfyClMkPBID7vb.0;server=akswtt10700000h;cloudType=Consumer;environment=Prod_westus_prod-s01-081-nam-westus;migrationStage=NotStarted}
{"logTime": "0908/083248", "correlationVector":"GEF1XViZg43u+99y6Aued0","action":"DoCompareDataConsistency requsted types: ", "result":"Bookmarks, Preferences, Passwords, Extensions, Extension settings, History Delete Directives, Send Tab To Self, Web Apps, History, Saved Tab Group, WebAuthn Credentials, Edge Workspace, Encryption Keys"}
{"logTime": "0908/083248", "correlationVector":"GEF1XViZg43u+99y6Aued0.0","action":"CompareDataConsistency result: ", "result":"Compare result: Encryption Keys is consistent. local entities count is: 1 local entities hash is: xnTYg72i4m6kyt7yDEPC9YkC72s="}
{"logTime": "0908/083248", "correlationVector":"GEF1XViZg43u+99y6Aued0.1","action":"CompareDataConsistency result: ", "result":"Compare result: Bookmarks is consistent. local entities count is: 4 local entities hash is: Qh4T4gYzJYFo0k50G8ZN/zl6op0="}
{"logTime": "0908/083248", "correlationVector":"GEF1XViZg43u+99y6Aued0.2","action":"CompareDataConsistency result: ", "result":"Compare result: Preferences is consistent. local entities count is: 78 local entities hash is: Vxy6lXzUQ2018QlCM41MiSrJOQk="}
{"logTime": "0908/083248", "correlationVector":"GEF1XViZg43u+99y6Aued0.3","action":"CompareDataConsistency result: ", "result":"Compare result: Extensions is consistent. local entities count is: 3 local entities hash is: SBKFGjG+Egk1GN86dZTOe8kud5Q="}
{"logTime": "0908/083248", "correlationVector":"GEF1XViZg43u+99y6Aued0.4","action":"CompareDataConsistency result: ", "result":"Compare result: Extension settings is consistent. local entities count is: 2 local entities hash is: H//BxkYsUpcnUyz1zftIKiHxga4="}
{"logTime": "0908/083248", "correlationVector":"GEF1XViZg43u+99y6Aued0.5","action":"CompareDataConsistency result: ", "result":"Compare result: History Delete Directives is consistent. local entities count is: 0 local entities hash is: "}
{"logTime": "0908/083248", "correlationVector":"GEF1XViZg43u+99y6Aued0.6","action":"CompareDataConsistency result: ", "result":"Server did not send this Send Tab To Self local entities count is: 0 local entities hash is: "}
{"logTime": "0908/083248", "correlationVector":"GEF1XViZg43u+99y6Aued0.7","action":"CompareDataConsistency result: ", "result":"Compare result: Web Apps is consistent. local entities count is: 0 local entities hash is: "}
{"logTime": "0908/083248", "correlationVector":"GEF1XViZg43u+99y6Aued0.8","action":"CompareDataConsistency result: ", "result":"Server did not send this History local entities count is: 0 local entities hash is: "}
{"logTime": "0908/083248", "correlationVector":"GEF1XViZg43u+99y6Aued0.9","action":"CompareDataConsistency result: ", "result":"Compare result: Saved Tab Group is consistent. local entities count is: 0 local entities hash is: "}
{"logTime": "0908/083248", "correlationVector":"GEF1XViZg43u+99y6Aued0.10","action":"CompareDataConsistency result: ", "result":"Server did not send this WebAuthn Credentials local entities count is: 0 local entities hash is: "}
{"logTime": "0908/083248", "correlationVector":"GEF1XViZg43u+99y6Aued0.11","action":"CompareDataConsistency result: ", "result":"Server did not send this Edge Workspace local entities count is: 0 local entities hash is: "}
{"logTime": "0908/083248", "correlationVector":"GEF1XViZg43u+99y6Aued0.12","action":"CompareDataConsistency result: ", "result":"Compare result: Passwords is inconsistent. server entities count is: 181 server entities hash is: Pb8fgcDcFkBSPiEE2qzYxK8+IYI= local entities count is: 177 local entities hash is: ZH+QiKDo0ItBsLQtSUz8xdaBDNc="}
{"logTime": "0908/083248", "correlationVector":"","action":"DIAGNOSTIC_REQUEST|v1/diagnosticData/Diagnostic.SendCheckResult()|SUCCESS", "result":""}
{"logTime": "0908/083249", "correlationVector":"cU5ZkUuUqjhvqMLs47Ywz0","action":"Normal GetUpdate request", "result":"", "context":cV=cU5ZkUuUqjhvqMLs47Ywz0
Nudged types: Sessions, History
Notified types: Passwords}
{"logTime": "0908/083249", "correlationVector":"cU5ZkUuUqjhvqMLs47Ywz0.1","action":"SyncServerConnectionManagerRequest", "result":"SYNC_SERVER_OK", "context":{"environment":"Prod_westus_prod-s01-081-nam-westus", "migrationStage":"NotStarted", "server":"akswtt10700000m"}}
{"logTime": "0908/083249", "correlationVector":"cU5ZkUuUqjhvqMLs47Ywz0.2","action":"ProcessGetUpdates", "result":"Done", "context":{"dataType":"Passwords", "deleted":"0", "process_failed_to_decrypt":"0", "process_pending_decryption":"0", "process_success":"26", "total":"26"}}
{"logTime": "0908/083249", "correlationVector":"cU5ZkUuUqjhvqMLs47Ywz0.3","action":"GetUpdates Response", "result":"Success", "context":Received 26 update(s). cV=cU5ZkUuUqjhvqMLs47Ywz0.0;server=akswtt10700000m;cloudType=Consumer;environment=Prod_westus_prod-s01-081-nam-westus;migrationStage=NotStarted}
{"logTime": "0908/083249", "correlationVector":"iN4t+2OdBVyR0DteprACO8","action":"Commit Request", "result":"", "context":Item count: 5
Contributing types: Sessions, History}
{"logTime": "0908/083250", "correlationVector":"iN4t+2OdBVyR0DteprACO8.1","action":"SyncServerConnectionManagerRequest", "result":"SYNC_SERVER_OK", "context":{"environment":"Prod_westus_prod-s01-081-nam-westus", "migrationStage":"NotStarted", "server":"akswtt10700000h"}}
{"logTime": "0908/083250", "correlationVector":"iN4t+2OdBVyR0DteprACO8.2","action":"Commit Response", "result":"Success", "context":Result: Success. cV=iN4t+2OdBVyR0DteprACO8.0;server=akswtt10700000h;cloudType=Consumer;environment=Prod_westus_prod-s01-081-nam-westus;migrationStage=NotStarted}
{"logTime": "0908/083315", "correlationVector":"bSnSI8SOFEs3qFo1hhVyyb","action":"Normal GetUpdate request", "result":"", "context":cV=bSnSI8SOFEs3qFo1hhVyyb
Nudged types: Sessions, History
Refresh requested types: Bookmarks, Preferences, Passwords, Autofill Profiles, Autofill, Extensions, Sessions, Extension settings, History Delete Directives, Device Info, User Consents, Send Tab To Self, Web Apps, History, Saved Tab Group, WebAuthn Credentials, Edge Hub App Usage, Edge Workspace, Encryption Keys}
{"logTime": "0908/083315", "correlationVector":"bSnSI8SOFEs3qFo1hhVyyb.1","action":"SyncServerConnectionManagerRequest", "result":"SYNC_SERVER_OK", "context":{"environment":"Prod_westus_prod-s01-081-nam-westus", "migrationStage":"NotStarted", "server":"akswtt10700002s"}}
{"logTime": "0908/083315", "correlationVector":"bSnSI8SOFEs3qFo1hhVyyb.2","action":"ProcessGetUpdates", "result":"Done", "context":{"dataType":"Passwords", "deleted":"0", "process_failed_to_decrypt":"0", "process_pending_decryption":"0", "process_success":"38", "total":"38"}}
{"logTime": "0908/083315", "correlationVector":"bSnSI8SOFEs3qFo1hhVyyb.3","action":"ProcessGetUpdates", "result":"Done", "context":{"dataType":"Sessions", "deleted":"0", "process_failed_to_decrypt":"0", "process_pending_decryption":"0", "process_success":"3", "total":"3"}}
{"logTime": "0908/083315", "correlationVector":"bSnSI8SOFEs3qFo1hhVyyb.4","action":"ProcessGetUpdates", "result":"Done", "context":{"dataType":"History", "deleted":"0", "process_failed_to_decrypt":"0", "process_pending_decryption":"0", "process_success":"2", "total":"2"}}
{"logTime": "0908/083315", "correlationVector":"bSnSI8SOFEs3qFo1hhVyyb.5","action":"GetUpdates Response", "result":"Success", "context":Received 43 update(s). cV=bSnSI8SOFEs3qFo1hhVyyb.0;server=akswtt10700002s;cloudType=Consumer;environment=Prod_westus_prod-s01-081-nam-westus;migrationStage=NotStarted}
{"logTime": "0908/083315", "correlationVector":"JpGqibGnYWa9lugy3tKpbT","action":"Commit Request", "result":"", "context":Item count: 8
Contributing types: Sessions, History}
{"logTime": "0908/083316", "correlationVector":"JpGqibGnYWa9lugy3tKpbT.1","action":"SyncServerConnectionManagerRequest", "result":"SYNC_SERVER_OK", "context":{"environment":"Prod_westus_prod-s01-081-nam-westus", "migrationStage":"NotStarted", "server":"akswtt10700002z"}}
{"logTime": "0908/083316", "correlationVector":"JpGqibGnYWa9lugy3tKpbT.2","action":"Commit Response", "result":"Success", "context":Result: Success. cV=JpGqibGnYWa9lugy3tKpbT.0;server=akswtt10700002z;cloudType=Consumer;environment=Prod_westus_prod-s01-081-nam-westus;migrationStage=NotStarted}
{"logTime": "0908/083316", "correlationVector":"P6Q87DESPb0d1UErgIL4w6","action":"Normal GetUpdate request", "result":"", "context":cV=P6Q87DESPb0d1UErgIL4w6
Nudged types: Sessions, History
Notified types: Passwords}
{"logTime": "0908/083316", "correlationVector":"P6Q87DESPb0d1UErgIL4w6.1","action":"SyncServerConnectionManagerRequest", "result":"SYNC_SERVER_OK", "context":{"environment":"Prod_westus_prod-s01-081-nam-westus", "migrationStage":"NotStarted", "server":"akswtt107000001"}}
{"logTime": "0908/083316", "correlationVector":"P6Q87DESPb0d1UErgIL4w6.2","action":"ProcessGetUpdates", "result":"Done", "context":{"dataType":"Sessions", "deleted":"0", "process_failed_to_decrypt":"0", "process_pending_decryption":"0", "process_success":"5", "total":"5"}}
{"logTime": "0908/083316", "correlationVector":"P6Q87DESPb0d1UErgIL4w6.3","action":"ProcessGetUpdates", "result":"Done", "context":{"dataType":"History", "deleted":"0", "process_failed_to_decrypt":"0", "process_pending_decryption":"0", "process_success":"3", "total":"3"}}
{"logTime": "0908/083316", "correlationVector":"P6Q87DESPb0d1UErgIL4w6.4","action":"GetUpdates Response", "result":"Success", "context":Received 8 update(s). cV=P6Q87DESPb0d1UErgIL4w6.0;server=akswtt107000001;cloudType=Consumer;environment=Prod_westus_prod-s01-081-nam-westus;migrationStage=NotStarted}
{"logTime": "0908/083316", "correlationVector":"l7fyPkEVu8fYMcN4c32UVd","action":"Commit Request", "result":"", "context":Item count: 1
Contributing types: History}
{"logTime": "0908/083316", "correlationVector":"l7fyPkEVu8fYMcN4c32UVd.1","action":"SyncServerConnectionManagerRequest", "result":"SYNC_SERVER_OK", "context":{"environment":"Prod_westus_prod-s01-081-nam-westus", "migrationStage":"NotStarted", "server":"akswtt10700002t"}}
{"logTime": "0908/083316", "correlationVector":"l7fyPkEVu8fYMcN4c32UVd.2","action":"Commit Response", "result":"Success", "context":Result: Success. cV=l7fyPkEVu8fYMcN4c32UVd.0;server=akswtt10700002t;cloudType=Consumer;environment=Prod_westus_prod-s01-081-nam-westus;migrationStage=NotStarted}
