2026-09-08 08:32:43.483: [INFO] CurrentProfilePath: c:\Users\dukky\Documents\Development\Minnow\.tmp-report-preview\edge-profile\Default
2026-09-08 08:32:43.483: [INFO] Profiles total count: 1
2026-09-08 08:32:43.483: [INFO] Profile: name=Profile 1 path=c:\Users\dukky\Documents\Development\Minnow\.tmp-report-preview\edge-profile\Default lastActive=2026-09-08T08:32:43.474Z
2026-09-08 08:32:43.483: [INFO] LastUsedProfileDir: c:\Users\dukky\Documents\Development\Minnow\.tmp-report-preview\edge-profile\Default
2026-09-08 08:32:43.483: [INFO] MostRecentlyActiveProfile: name=Profile 1 path=c:\Users\dukky\Documents\Development\Minnow\.tmp-report-preview\edge-profile\Default lastActive=2026-09-08T08:32:43.474Z
2026-09-08 08:32:43.483: [INFO] OnDoneLoading sync enabled: 0
2026-09-08 08:32:43.483: [INFO] BookmarkModelLoaded, ids_reassigned: 0
2026-09-08 08:32:43.483: [INFO] BookmarksLoadDropped droppedNodes=0
2026-09-08 08:32:43.483: [INFO] BookmarksSnapshot Startup total=0 bar=0 other=0 mobile=0 showBar=0 showBarNTP=1
2026-09-08 08:32:43.510: [INFO] RecordSyncInitDuration has_sync_been_enabled: 0 state: 0
2026-09-08 08:32:43.588: [INFO] VisibilityChanged: 0
2026-09-08 08:32:43.867: [INFO] RecordSyncInitDuration has_sync_been_enabled: 0 state: 0
2026-09-08 08:32:43.869: [INFO] RecordSyncInitDuration has_sync_been_enabled: 0 state: 3
2026-09-08 08:32:43.870: [INFO] Primary account changed.
2026-09-08 08:32:43.870: [INFO] OnPrimaryAccountChanged PrimaryAccountChangeEvent::Type::kSet
2026-09-08 08:32:43.873: [INFO] RecordSyncInitDuration has_sync_been_enabled: 0 state: 3
2026-09-08 08:32:43.883: [INFO] RecordSyncInitDuration has_sync_been_enabled: 0 state: 3
2026-09-08 08:32:45.161: [INFO] BookmarkBarPrefChanged showBar=0 showBarNTP=0
2026-09-08 08:32:45.180: [INFO] VisibilityChanged: 1
2026-09-08 08:32:45.680: [INFO] BookmarkNodeAdded, ABU: 0
2026-09-08 08:32:45.681: [INFO] BookmarkNodeAdded, ABU: 0
2026-09-08 08:32:45.681: [INFO] BookmarkNodeAdded, ABU: 0
2026-09-08 08:32:45.681: [INFO] BookmarkNodeAdded, ABU: 0
2026-09-08 08:32:46.230: [INFO] Sync initialization duration: 2313ms
2026-09-08 08:33:14.931: [INFO] CurrentProfilePath: c:\Users\dukky\Documents\Development\Minnow\.tmp-report-preview\edge-profile\Default
2026-09-08 08:33:14.931: [INFO] Profiles total count: 1
2026-09-08 08:33:14.931: [INFO] Profile: name=Personal path=c:\Users\dukky\Documents\Development\Minnow\.tmp-report-preview\edge-profile\Default lastActive=2026-09-08T08:33:14.921Z
2026-09-08 08:33:14.931: [INFO] LastUsedProfileDir: c:\Users\dukky\Documents\Development\Minnow\.tmp-report-preview\edge-profile\Default
2026-09-08 08:33:14.931: [INFO] MostRecentlyActiveProfile: name=Personal path=c:\Users\dukky\Documents\Development\Minnow\.tmp-report-preview\edge-profile\Default lastActive=2026-09-08T08:33:14.921Z
2026-09-08 08:33:14.931: [INFO] OnDoneLoading sync enabled: 1
2026-09-08 08:33:14.931: [INFO] BookmarkModelLoaded, ids_reassigned: 0
2026-09-08 08:33:14.931: [INFO] BookmarksLoadDropped droppedNodes=0
2026-09-08 08:33:14.931: [INFO] BookmarksSnapshot Startup total=3 bar=1 other=1 mobile=0 showBar=1 showBarNTP=0
2026-09-08 08:33:15.106: [INFO] Sync initialization duration: 10ms
2026-09-08 08:33:18.507: [INFO] VisibilityChanged: 0
2026-09-08 08:33:18.610: [INFO] BookmarksSnapshot Shutdown total=3 bar=1 other=1 mobile=0 showBar=1 showBarNTP=0
